Archive member included to satisfy reference by file (symbol)

..\src\config\default\touch\lib\qtm_freq_hop_cm0p_0x0006.X.a(sam_freq_hop_x_cm0p.o)
                              build/default/production/_ext/162237794/touch.o (qtm_freq_hop)
..\src\config\default\touch\lib\qtm_saml21_acq_0x0026.X.a(sam_acq_x_saml21.o)
                              build/default/production/_ext/162237794/touch.o (qtm_acquisition_process)
..\src\config\default\touch\lib\qtm_touch_key_cm0p_0x0002.X.a(sam_touch_key_x_cm0p.o)
                              build/default/production/_ext/162237794/touch.o (qtm_update_qtlib_timer)
c:/program files/microchip/xc32/v4.21/bin/bin/../../lib/gcc/pic32c/8.3.1/../../../../pic32c/lib/thumb/v6-m/nofp\libpic32c.a(data_init_wrapper.o)
                              build/default/production/_ext/1171490990/startup_xc32.o (__pic32c_data_initialization)
c:/program files/microchip/xc32/v4.21/bin/bin/../../lib/gcc/pic32c/8.3.1/../../../../pic32c/lib/thumb/v6-m/nofp\libpic32c.a(data_init_0_1.o)
                              c:/program files/microchip/xc32/v4.21/bin/bin/../../lib/gcc/pic32c/8.3.1/../../../../pic32c/lib/thumb/v6-m/nofp\libpic32c.a(data_init_wrapper.o) (__pic32c_data_initialization_impl)
c:/program files/microchip/xc32/v4.21/bin/bin/../../lib/gcc/pic32c/8.3.1/../../../../pic32c/lib/thumb/v6-m/nofp\libc-musl.a(__libc_start_main.o)
                              build/default/production/_ext/1171490990/startup_xc32.o (__libc_init_array)
c:/program files/microchip/xc32/v4.21/bin/bin/../../lib/gcc/pic32c/8.3.1/../../../../pic32c/lib/thumb/v6-m/nofp\libc-musl.a(libc.o)
                              c:/program files/microchip/xc32/v4.21/bin/bin/../../lib/gcc/pic32c/8.3.1/../../../../pic32c/lib/thumb/v6-m/nofp\libc-musl.a(__libc_start_main.o) (__progname_full)
c:/program files/microchip/xc32/v4.21/bin/bin/../../lib/gcc/pic32c/8.3.1/../../../../pic32c/lib/thumb/v6-m/nofp\libc-musl.a(memcpy.o)
                              build/default/production/_ext/1593096446/plib_nvmctrl.o (memcpy)
c:/program files/microchip/xc32/v4.21/bin/bin/../../lib/gcc/pic32c/8.3.1/../../../../pic32c/lib/thumb/v6-m/nofp\libc-musl.a(__environ.o)
                              c:/program files/microchip/xc32/v4.21/bin/bin/../../lib/gcc/pic32c/8.3.1/../../../../pic32c/lib/thumb/v6-m/nofp\libc-musl.a(__libc_start_main.o) (__environ)
c:/program files/microchip/xc32/v4.21/bin/bin/../../lib/gcc/pic32c/8.3.1/thumb/v6-m/nofp\libgcc.a(_thumb1_case_uhi.o)
                              ..\src\config\default\touch\lib\qtm_saml21_acq_0x0026.X.a(sam_acq_x_saml21.o) (__gnu_thumb1_case_uhi)
c:/program files/microchip/xc32/v4.21/bin/bin/../../lib/gcc/pic32c/8.3.1/thumb/v6-m/nofp\libgcc.a(_aeabi_uldivmod.o)
                              build/default/production/_ext/504274921/plib_sercom3_usart.o (__aeabi_uldivmod)
c:/program files/microchip/xc32/v4.21/bin/bin/../../lib/gcc/pic32c/8.3.1/thumb/v6-m/nofp\libgcc.a(_udivmoddi4.o)
                              c:/program files/microchip/xc32/v4.21/bin/bin/../../lib/gcc/pic32c/8.3.1/thumb/v6-m/nofp\libgcc.a(_aeabi_uldivmod.o) (__udivmoddi4)
c:/program files/microchip/xc32/v4.21/bin/bin/../../lib/gcc/pic32c/8.3.1/thumb/v6-m/nofp\libgcc.a(_dvmd_tls.o)
                              c:/program files/microchip/xc32/v4.21/bin/bin/../../lib/gcc/pic32c/8.3.1/thumb/v6-m/nofp\libgcc.a(_aeabi_uldivmod.o) (__aeabi_ldiv0)
c:/program files/microchip/xc32/v4.21/bin/bin/../../lib/gcc/pic32c/8.3.1/thumb/v6-m/nofp\libgcc.a(_lshrdi3.o)
                              c:/program files/microchip/xc32/v4.21/bin/bin/../../lib/gcc/pic32c/8.3.1/thumb/v6-m/nofp\libgcc.a(_udivmoddi4.o) (__aeabi_llsr)
c:/program files/microchip/xc32/v4.21/bin/bin/../../lib/gcc/pic32c/8.3.1/thumb/v6-m/nofp\libgcc.a(_ashldi3.o)
                              c:/program files/microchip/xc32/v4.21/bin/bin/../../lib/gcc/pic32c/8.3.1/thumb/v6-m/nofp\libgcc.a(_udivmoddi4.o) (__aeabi_llsl)
c:/program files/microchip/xc32/v4.21/bin/bin/../../lib/gcc/pic32c/8.3.1/thumb/v6-m/nofp\libgcc.a(_clzdi2.o)
                              c:/program files/microchip/xc32/v4.21/bin/bin/../../lib/gcc/pic32c/8.3.1/thumb/v6-m/nofp\libgcc.a(_udivmoddi4.o) (__clzdi2)
c:/program files/microchip/xc32/v4.21/bin/bin/../../lib/gcc/pic32c/8.3.1/thumb/v6-m/nofp\libgcc.a(_clzsi2.o)
                              c:/program files/microchip/xc32/v4.21/bin/bin/../../lib/gcc/pic32c/8.3.1/thumb/v6-m/nofp\libgcc.a(_clzdi2.o) (__clzsi2)

Allocating common symbols
Common symbol       size              file

p_qtm_drivenshield_config
                    0x4               ..\src\config\default\touch\lib\qtm_saml21_acq_0x0026.X.a(sam_acq_x_saml21.o)
qtm_acquisition_control_working_set_ptr
                    0x4               ..\src\config\default\touch\lib\qtm_saml21_acq_0x0026.X.a(sam_acq_x_saml21.o)
qtm_raw_data_measurements_ptr
                    0x4               ..\src\config\default\touch\lib\qtm_saml21_acq_0x0026.X.a(sam_acq_x_saml21.o)

Microchip PIC32 Memory-Usage Report

[...]
Memory Configuration

Name             Origin             Length             Attributes
rom              0x00000000         0x00040000         xrl
ram              0x20000000         0x00008000         xw !r
lpram            0x30000000         0x00002000         xw !r
config_00804000  0x00804000         0x00000004
config_00804004  0x00804004         0x00000004
*default*        0x00000000         0xffffffff

Linker script and memory map

LOAD c:/program files/microchip/xc32/v4.21/bin/bin/../../lib/gcc/pic32c/8.3.1/thumb/v6-m/nofp/crti.o
LOAD c:/program files/microchip/xc32/v4.21/bin/bin/../../lib/gcc/pic32c/8.3.1/thumb/v6-m/nofp/crtbegin.o
LOAD build/default/production/_ext/1434821282/bsp.o
LOAD build/default/production/_ext/1984496892/plib_clock.o
LOAD build/default/production/_ext/1986646378/plib_evsys.o
LOAD build/default/production/_ext/1865468468/plib_nvic.o
LOAD build/default/production/_ext/1593096446/plib_nvmctrl.o
LOAD build/default/production/_ext/829342769/plib_pm.o
LOAD build/default/production/_ext/1865521619/plib_port.o
LOAD build/default/production/_ext/60180175/plib_rtc_timer.o
LOAD build/default/production/_ext/504274921/plib_sercom3_usart.o
LOAD build/default/production/_ext/163028504/xc32_monitor.o
LOAD build/default/production/_ext/162237794/touch_example.o
LOAD build/default/production/_ext/162237794/touch.o
LOAD build/default/production/_ext/1171490990/exceptions.o
LOAD build/default/production/_ext/1171490990/startup_xc32.o
LOAD build/default/production/_ext/1171490990/initialization.o
LOAD build/default/production/_ext/1171490990/interrupts.o
LOAD build/default/production/_ext/1171490990/libc_syscalls.o
LOAD build/default/production/_ext/1360937237/main.o
LOAD build/default/production/_ext/1662611032/datastreamer_UART_sam.o
LOAD ..\src\config\default\touch\lib\qtm_freq_hop_cm0p_0x0006.X.a
LOAD ..\src\config\default\touch\lib\qtm_saml21_acq_0x0026.X.a
LOAD ..\src\config\default\touch\lib\qtm_touch_key_cm0p_0x0002.X.a
LOAD ..\src\config\default\touch\lib\qtm_freq_hop_auto_cm0p_0x0004.X.a
                0x00000001                __MPLAB_BUILD = 0x1
                0x00040000                __rom_end = (ORIGIN (rom) + LENGTH (rom))
                0x20008000                __ram_end = (ORIGIN (ram) + LENGTH (ram))

.config_00804000
 *(.config_00804000)

.config_00804004
 *(.config_00804004)

.vectors        0x00000000       0xb0
                0x00000000                . = ALIGN (0x4)
                0x00000000                _sfixed = .
 *(.vectors .vectors.* .vectors_default .vectors_default.*)
 .vectors.exception_table
                0x00000000       0xb0 build/default/production/_ext/1171490990/interrupts.o
                0x00000000                exception_table
 *(.isr_vector)
 *(.reset*)
 *(.after_vectors)

.text           0x000000b0       0x20
                0x000000b0                . = ALIGN (0x4)
 *(.glue_7t)
 .glue_7t       0x000000b0        0x0 linker stubs
 *(.glue_7)
 .glue_7        0x000000b0        0x0 linker stubs
 *(.gnu.linkonce.r.*)
 *(.ARM.extab* .gnu.linkonce.armextab.*)
                0x000000b0                . = ALIGN (0x4)
 *(.init)
 .init          0x000000b0        0x4 c:/program files/microchip/xc32/v4.21/bin/bin/../../lib/gcc/pic32c/8.3.1/thumb/v6-m/nofp/crti.o
                0x000000b0                _init
 .init          0x000000b4        0x8 c:/program files/microchip/xc32/v4.21/bin/bin/../../lib/gcc/pic32c/8.3.1/thumb/v6-m/nofp/crtn.o
                0x000000bc                . = ALIGN (0x4)
                0x000000bc                __preinit_array_start = .
 *(.preinit_array)
                0x000000bc                __preinit_array_end = .
                0x000000bc                . = ALIGN (0x4)
                0x000000bc                __init_array_start = .
 *(SORT_BY_NAME(.init_array.*))
 *(.init_array)
 .init_array    0x000000bc        0x4 c:/program files/microchip/xc32/v4.21/bin/bin/../../lib/gcc/pic32c/8.3.1/thumb/v6-m/nofp/crtbegin.o
                0x000000c0                __init_array_end = .
                0x000000c0                . = ALIGN (0x4)
 *crtbegin.o(.ctors)
 *(EXCLUDE_FILE(*crtend.o) .ctors)
 *(SORT_BY_NAME(.ctors.*))
 *crtend.o(.ctors)
                0x000000c0                . = ALIGN (0x4)
 *(.fini)
 .fini          0x000000c0        0x4 c:/program files/microchip/xc32/v4.21/bin/bin/../../lib/gcc/pic32c/8.3.1/thumb/v6-m/nofp/crti.o
                0x000000c0                _fini
 .fini          0x000000c4        0x8 c:/program files/microchip/xc32/v4.21/bin/bin/../../lib/gcc/pic32c/8.3.1/thumb/v6-m/nofp/crtn.o
                0x000000cc                . = ALIGN (0x4)
                0x000000cc                __fini_array_start = .
 *(.fini_array)
 .fini_array    0x000000cc        0x4 c:/program files/microchip/xc32/v4.21/bin/bin/../../lib/gcc/pic32c/8.3.1/thumb/v6-m/nofp/crtbegin.o
 *(SORT_BY_NAME(.fini_array.*))
                0x000000d0                __fini_array_end = .
 *crtbegin.o(.dtors)
 *(EXCLUDE_FILE(*crtend.o) .dtors)
 *(SORT_BY_NAME(.dtors.*))
 *crtend.o(.dtors)
                0x000000d0                . = ALIGN (0x4)
                0x000000d0                _efixed = .
                [!provide]                PROVIDE (__exidx_start = .)

.ARM.exidx
 *(.ARM.exidx* .gnu.linkonce.armexidx.*)
                [!provide]                PROVIDE (__exidx_end = .)
                0x000000d0                . = ALIGN (0x4)
                0x000000d0                _etext = .

.bss            0x20000000        0xc
                0x20000000                . = ALIGN (0x4)
                0x20000000                __bss_start__ = .
                0x20000000                _sbss = .
                0x20000000                _szero = .
 *(COMMON)
 COMMON         0x20000000        0xc ..\src\config\default\touch\lib\qtm_saml21_acq_0x0026.X.a(sam_acq_x_saml21.o)
                0x20000000                p_qtm_drivenshield_config
                0x20000004                qtm_acquisition_control_working_set_ptr
                0x20000008                qtm_raw_data_measurements_ptr
                0x2000000c                . = ALIGN (0x4)
                0x2000000c                __bss_end__ = .
                0x2000000c                _ebss = .
                0x2000000c                _ezero = .
                0x2000000c                . = ALIGN (0x4)
                0x2000000c                _end = .
                0x20007fff                _ram_end_ = ((ORIGIN (ram) + LENGTH (ram)) - 0x1)

.lpram_output   0x30000000        0x0
                0x30000000                . = ALIGN (0x4)
 *(.lpram .lpram.*)
                0x30000000                . = ALIGN (0x4)
                0x30000000                . = ALIGN (0x4)
                0x30001fff                _lpram_end_ = ((ORIGIN (lpram) + LENGTH (lpram)) - 0x1)
                0x00000200                _min_heap_size = 0x200
START GROUP
LOAD c:/program files/microchip/xc32/v4.21/bin/bin/../../lib/gcc/pic32c/8.3.1/../../../../pic32c/lib/thumb/v6-m/nofp\libpic32c.a
LOAD c:/program files/microchip/xc32/v4.21/bin/bin/../../lib/gcc/pic32c/8.3.1/../../../../pic32c/lib/thumb/v6-m/nofp\libm-emfloat.a
LOAD c:/program files/microchip/xc32/v4.21/bin/bin/../../lib/gcc/pic32c/8.3.1/../../../../pic32c/lib/thumb/v6-m/nofp\libc-musl.a
LOAD c:/program files/microchip/xc32/v4.21/bin/bin/../../lib/gcc/pic32c/8.3.1/../../../../pic32c/lib/thumb/v6-m/nofp\libm-emfloat.a
LOAD c:/program files/microchip/xc32/v4.21/bin/bin/../../lib/gcc/pic32c/8.3.1/thumb/v6-m/nofp\libgcc.a
END GROUP
LOAD c:/program files/microchip/xc32/v4.21/bin/bin/../../lib/gcc/pic32c/8.3.1/thumb/v6-m/nofp/crtend.o
LOAD c:/program files/microchip/xc32/v4.21/bin/bin/../../lib/gcc/pic32c/8.3.1/thumb/v6-m/nofp/crtn.o
OUTPUT(dist/default/production/SAML21_Touch_Demo1.X.production.elf elf32-littlearm)
LOAD stack
LOAD data_init

.ARM.attributes
                0x00000000       0x2c
 .ARM.attributes
                0x00000000       0x1e c:/program files/microchip/xc32/v4.21/bin/bin/../../lib/gcc/pic32c/8.3.1/thumb/v6-m/nofp/crti.o
 .ARM.attributes
                0x0000001e       0x2c c:/program files/microchip/xc32/v4.21/bin/bin/../../lib/gcc/pic32c/8.3.1/thumb/v6-m/nofp/crtbegin.o
 .ARM.attributes
                0x0000004a       0x2c build/default/production/_ext/1434821282/bsp.o
 .ARM.attributes
                0x00000076       0x2c build/default/production/_ext/1984496892/plib_clock.o
 .ARM.attributes
                0x000000a2       0x2c build/default/production/_ext/1986646378/plib_evsys.o
 .ARM.attributes
                0x000000ce       0x2c build/default/production/_ext/1865468468/plib_nvic.o
 .ARM.attributes
                0x000000fa       0x2c build/default/production/_ext/1593096446/plib_nvmctrl.o
 .ARM.attributes
                0x00000126       0x2c build/default/production/_ext/829342769/plib_pm.o
 .ARM.attributes
                0x00000152       0x2c build/default/production/_ext/1865521619/plib_port.o
 .ARM.attributes
                0x0000017e       0x2c build/default/production/_ext/60180175/plib_rtc_timer.o
 .ARM.attributes
                0x000001aa       0x2c build/default/production/_ext/504274921/plib_sercom3_usart.o
 .ARM.attributes
                0x000001d6       0x2c build/default/production/_ext/162237794/touch.o
 .ARM.attributes
                0x00000202       0x2c build/default/production/_ext/1171490990/exceptions.o
 .ARM.attributes
                0x0000022e       0x2c build/default/production/_ext/1171490990/startup_xc32.o
 .ARM.attributes
                0x0000025a       0x2c build/default/production/_ext/1171490990/initialization.o
 .ARM.attributes
                0x00000286       0x2c build/default/production/_ext/1171490990/interrupts.o
 .ARM.attributes
                0x000002b2       0x2c build/default/production/_ext/1360937237/main.o
 .ARM.attributes
                0x000002de       0x2c build/default/production/_ext/1662611032/datastreamer_UART_sam.o
 .ARM.attributes
                0x0000030a       0x2c ..\src\config\default\touch\lib\qtm_freq_hop_cm0p_0x0006.X.a(sam_freq_hop_x_cm0p.o)
 .ARM.attributes
                0x00000336       0x2c ..\src\config\default\touch\lib\qtm_saml21_acq_0x0026.X.a(sam_acq_x_saml21.o)
 .ARM.attributes
                0x00000362       0x2c ..\src\config\default\touch\lib\qtm_touch_key_cm0p_0x0002.X.a(sam_touch_key_x_cm0p.o)
 .ARM.attributes
                0x0000038e       0x2c c:/program files/microchip/xc32/v4.21/bin/bin/../../lib/gcc/pic32c/8.3.1/../../../../pic32c/lib/thumb/v6-m/nofp\libpic32c.a(data_init_wrapper.o)
 .ARM.attributes
                0x000003ba       0x2c c:/program files/microchip/xc32/v4.21/bin/bin/../../lib/gcc/pic32c/8.3.1/../../../../pic32c/lib/thumb/v6-m/nofp\libpic32c.a(data_init_0_1.o)
 .ARM.attributes
                0x000003e6       0x2e c:/program files/microchip/xc32/v4.21/bin/bin/../../lib/gcc/pic32c/8.3.1/../../../../pic32c/lib/thumb/v6-m/nofp\libc-musl.a(__libc_start_main.o)
 .ARM.attributes
                0x00000414       0x2e c:/program files/microchip/xc32/v4.21/bin/bin/../../lib/gcc/pic32c/8.3.1/../../../../pic32c/lib/thumb/v6-m/nofp\libc-musl.a(libc.o)
 .ARM.attributes
                0x00000442       0x2e c:/program files/microchip/xc32/v4.21/bin/bin/../../lib/gcc/pic32c/8.3.1/../../../../pic32c/lib/thumb/v6-m/nofp\libc-musl.a(__environ.o)
 .ARM.attributes
                0x00000470       0x1e c:/program files/microchip/xc32/v4.21/bin/bin/../../lib/gcc/pic32c/8.3.1/thumb/v6-m/nofp\libgcc.a(_thumb1_case_uhi.o)
 .ARM.attributes
                0x0000048e       0x1e c:/program files/microchip/xc32/v4.21/bin/bin/../../lib/gcc/pic32c/8.3.1/thumb/v6-m/nofp/crtn.o

.comment        0x00000000       0x67
 .comment       0x00000000       0x2b c:/program files/microchip/xc32/v4.21/bin/bin/../../lib/gcc/pic32c/8.3.1/thumb/v6-m/nofp/crtbegin.o
                                 0x2c (size before relaxing)
 .comment       0x0000002b       0x2c build/default/production/_ext/1434821282/bsp.o
 .comment       0x0000002b       0x2c build/default/production/_ext/1984496892/plib_clock.o
 .comment       0x0000002b       0x2c build/default/production/_ext/1986646378/plib_evsys.o
 .comment       0x0000002b       0x2c build/default/production/_ext/1865468468/plib_nvic.o
 .comment       0x0000002b       0x2c build/default/production/_ext/1593096446/plib_nvmctrl.o
 .comment       0x0000002b       0x2c build/default/production/_ext/829342769/plib_pm.o
 .comment       0x0000002b       0x2c build/default/production/_ext/1865521619/plib_port.o
 .comment       0x0000002b       0x2c build/default/production/_ext/60180175/plib_rtc_timer.o
 .comment       0x0000002b       0x2c build/default/production/_ext/504274921/plib_sercom3_usart.o
 .comment       0x0000002b       0x2c build/default/production/_ext/162237794/touch.o
 .comment       0x0000002b       0x2c build/default/production/_ext/1171490990/exceptions.o
 .comment       0x0000002b       0x2c build/default/production/_ext/1171490990/startup_xc32.o
 .comment       0x0000002b       0x2c build/default/production/_ext/1171490990/initialization.o
 .comment       0x0000002b       0x2c build/default/production/_ext/1171490990/interrupts.o
 .comment       0x0000002b       0x2c build/default/production/_ext/1360937237/main.o
 .comment       0x0000002b       0x2c build/default/production/_ext/1662611032/datastreamer_UART_sam.o
 .comment       0x0000002b       0x3c ..\src\config\default\touch\lib\qtm_freq_hop_cm0p_0x0006.X.a(sam_freq_hop_x_cm0p.o)
                                 0x3d (size before relaxing)
 .comment       0x00000067       0x3d ..\src\config\default\touch\lib\qtm_saml21_acq_0x0026.X.a(sam_acq_x_saml21.o)
 .comment       0x00000067       0x3d ..\src\config\default\touch\lib\qtm_touch_key_cm0p_0x0002.X.a(sam_touch_key_x_cm0p.o)
 .comment       0x00000067       0x2c c:/program files/microchip/xc32/v4.21/bin/bin/../../lib/gcc/pic32c/8.3.1/../../../../pic32c/lib/thumb/v6-m/nofp\libpic32c.a(data_init_wrapper.o)
 .comment       0x00000067       0x2c c:/program files/microchip/xc32/v4.21/bin/bin/../../lib/gcc/pic32c/8.3.1/../../../../pic32c/lib/thumb/v6-m/nofp\libpic32c.a(data_init_0_1.o)
 .comment       0x00000067       0x2c c:/program files/microchip/xc32/v4.21/bin/bin/../../lib/gcc/pic32c/8.3.1/../../../../pic32c/lib/thumb/v6-m/nofp\libc-musl.a(__libc_start_main.o)
 .comment       0x00000067       0x2c c:/program files/microchip/xc32/v4.21/bin/bin/../../lib/gcc/pic32c/8.3.1/../../../../pic32c/lib/thumb/v6-m/nofp\libc-musl.a(libc.o)
 .comment       0x00000067       0x2c c:/program files/microchip/xc32/v4.21/bin/bin/../../lib/gcc/pic32c/8.3.1/../../../../pic32c/lib/thumb/v6-m/nofp\libc-musl.a(__environ.o)

.debug_info     0x00000000     0xc251
 .debug_info    0x00000000      0x546 build/default/production/_ext/1434821282/bsp.o
 .debug_info    0x00000546      0xb1f build/default/production/_ext/1984496892/plib_clock.o
 .debug_info    0x00001065      0x324 build/default/production/_ext/1986646378/plib_evsys.o
 .debug_info    0x00001389      0xb0a build/default/production/_ext/1865468468/plib_nvic.o
 .debug_info    0x00001e93      0xb62 build/default/production/_ext/1593096446/plib_nvmctrl.o
 .debug_info    0x000029f5      0x621 build/default/production/_ext/829342769/plib_pm.o
 .debug_info    0x00003016      0xd5a build/default/production/_ext/1865521619/plib_port.o
 .debug_info    0x00003d70      0xc17 build/default/production/_ext/60180175/plib_rtc_timer.o
 .debug_info    0x00004987     0x208e build/default/production/_ext/504274921/plib_sercom3_usart.o
 .debug_info    0x00006a15     0x2157 build/default/production/_ext/162237794/touch.o
 .debug_info    0x00008b6c      0x348 build/default/production/_ext/1171490990/exceptions.o
 .debug_info    0x00008eb4      0x4a9 build/default/production/_ext/1171490990/startup_xc32.o
 .debug_info    0x0000935d      0x624 build/default/production/_ext/1171490990/initialization.o
 .debug_info    0x00009981      0x88b build/default/production/_ext/1171490990/interrupts.o
 .debug_info    0x0000a20c      0x5dd build/default/production/_ext/1360937237/main.o
 .debug_info    0x0000a7e9      0x72e build/default/production/_ext/1662611032/datastreamer_UART_sam.o
 .debug_info    0x0000af17      0x298 c:/program files/microchip/xc32/v4.21/bin/bin/../../lib/gcc/pic32c/8.3.1/../../../../pic32c/lib/thumb/v6-m/nofp\libpic32c.a(data_init_wrapper.o)
 .debug_info    0x0000b1af      0x299 c:/program files/microchip/xc32/v4.21/bin/bin/../../lib/gcc/pic32c/8.3.1/../../../../pic32c/lib/thumb/v6-m/nofp\libpic32c.a(data_init_0_1.o)
 .debug_info    0x0000b448      0x617 c:/program files/microchip/xc32/v4.21/bin/bin/../../lib/gcc/pic32c/8.3.1/../../../../pic32c/lib/thumb/v6-m/nofp\libc-musl.a(__libc_start_main.o)
 .debug_info    0x0000ba5f      0x529 c:/program files/microchip/xc32/v4.21/bin/bin/../../lib/gcc/pic32c/8.3.1/../../../../pic32c/lib/thumb/v6-m/nofp\libc-musl.a(libc.o)
 .debug_info    0x0000bf88      0x2a3 c:/program files/microchip/xc32/v4.21/bin/bin/../../lib/gcc/pic32c/8.3.1/../../../../pic32c/lib/thumb/v6-m/nofp\libc-musl.a(__environ.o)
 .debug_info    0x0000c22b       0x26 c:/program files/microchip/xc32/v4.21/bin/bin/../../lib/gcc/pic32c/8.3.1/thumb/v6-m/nofp\libgcc.a(_thumb1_case_uhi.o)

.debug_abbrev   0x00000000     0x199b
 .debug_abbrev  0x00000000       0xa8 build/default/production/_ext/1434821282/bsp.o
 .debug_abbrev  0x000000a8      0x151 build/default/production/_ext/1984496892/plib_clock.o
 .debug_abbrev  0x000001f9       0x3b build/default/production/_ext/1986646378/plib_evsys.o
 .debug_abbrev  0x00000234      0x1e1 build/default/production/_ext/1865468468/plib_nvic.o
 .debug_abbrev  0x00000415      0x1a9 build/default/production/_ext/1593096446/plib_nvmctrl.o
 .debug_abbrev  0x000005be       0xfb build/default/production/_ext/829342769/plib_pm.o
 .debug_abbrev  0x000006b9      0x1d6 build/default/production/_ext/1865521619/plib_port.o
 .debug_abbrev  0x0000088f      0x189 build/default/production/_ext/60180175/plib_rtc_timer.o
 .debug_abbrev  0x00000a18      0x46f build/default/production/_ext/504274921/plib_sercom3_usart.o
 .debug_abbrev  0x00000e87      0x32d build/default/production/_ext/162237794/touch.o
 .debug_abbrev  0x000011b4       0x3e build/default/production/_ext/1171490990/exceptions.o
 .debug_abbrev  0x000011f2      0x110 build/default/production/_ext/1171490990/startup_xc32.o
 .debug_abbrev  0x00001302       0xe9 build/default/production/_ext/1171490990/initialization.o
 .debug_abbrev  0x000013eb       0xb5 build/default/production/_ext/1171490990/interrupts.o
 .debug_abbrev  0x000014a0      0x115 build/default/production/_ext/1360937237/main.o
 .debug_abbrev  0x000015b5      0x150 build/default/production/_ext/1662611032/datastreamer_UART_sam.o
 .debug_abbrev  0x00001705       0x2e c:/program files/microchip/xc32/v4.21/bin/bin/../../lib/gcc/pic32c/8.3.1/../../../../pic32c/lib/thumb/v6-m/nofp\libpic32c.a(data_init_wrapper.o)
 .debug_abbrev  0x00001733       0x2e c:/program files/microchip/xc32/v4.21/bin/bin/../../lib/gcc/pic32c/8.3.1/../../../../pic32c/lib/thumb/v6-m/nofp\libpic32c.a(data_init_0_1.o)
 .debug_abbrev  0x00001761      0x117 c:/program files/microchip/xc32/v4.21/bin/bin/../../lib/gcc/pic32c/8.3.1/../../../../pic32c/lib/thumb/v6-m/nofp\libc-musl.a(__libc_start_main.o)
 .debug_abbrev  0x00001878       0xb8 c:/program files/microchip/xc32/v4.21/bin/bin/../../lib/gcc/pic32c/8.3.1/../../../../pic32c/lib/thumb/v6-m/nofp\libc-musl.a(libc.o)
 .debug_abbrev  0x00001930       0x57 c:/program files/microchip/xc32/v4.21/bin/bin/../../lib/gcc/pic32c/8.3.1/../../../../pic32c/lib/thumb/v6-m/nofp\libc-musl.a(__environ.o)
 .debug_abbrev  0x00001987       0x14 c:/program files/microchip/xc32/v4.21/bin/bin/../../lib/gcc/pic32c/8.3.1/thumb/v6-m/nofp\libgcc.a(_thumb1_case_uhi.o)

.debug_aranges  0x00000000      0x578
 .debug_aranges
                0x00000000       0x20 build/default/production/_ext/1434821282/bsp.o
 .debug_aranges
                0x00000020       0x20 build/default/production/_ext/1984496892/plib_clock.o
 .debug_aranges
                0x00000040       0x20 build/default/production/_ext/1986646378/plib_evsys.o
 .debug_aranges
                0x00000060       0x38 build/default/production/_ext/1865468468/plib_nvic.o
 .debug_aranges
                0x00000098       0xa0 build/default/production/_ext/1593096446/plib_nvmctrl.o
 .debug_aranges
                0x00000138       0x58 build/default/production/_ext/829342769/plib_pm.o
 .debug_aranges
                0x00000190       0x70 build/default/production/_ext/1865521619/plib_port.o
 .debug_aranges
                0x00000200       0x88 build/default/production/_ext/60180175/plib_rtc_timer.o
 .debug_aranges
                0x00000288       0xc0 build/default/production/_ext/504274921/plib_sercom3_usart.o
 .debug_aranges
                0x00000348       0x98 build/default/production/_ext/162237794/touch.o
 .debug_aranges
                0x000003e0       0x28 build/default/production/_ext/1171490990/exceptions.o
 .debug_aranges
                0x00000408       0x28 build/default/production/_ext/1171490990/startup_xc32.o
 .debug_aranges
                0x00000430       0x20 build/default/production/_ext/1171490990/initialization.o
 .debug_aranges
                0x00000450       0x20 build/default/production/_ext/1171490990/interrupts.o
 .debug_aranges
                0x00000470       0x20 build/default/production/_ext/1360937237/main.o
 .debug_aranges
                0x00000490       0x30 build/default/production/_ext/1662611032/datastreamer_UART_sam.o
 .debug_aranges
                0x000004c0       0x20 c:/program files/microchip/xc32/v4.21/bin/bin/../../lib/gcc/pic32c/8.3.1/../../../../pic32c/lib/thumb/v6-m/nofp\libpic32c.a(data_init_wrapper.o)
 .debug_aranges
                0x000004e0       0x20 c:/program files/microchip/xc32/v4.21/bin/bin/../../lib/gcc/pic32c/8.3.1/../../../../pic32c/lib/thumb/v6-m/nofp\libpic32c.a(data_init_0_1.o)
 .debug_aranges
                0x00000500       0x28 c:/program files/microchip/xc32/v4.21/bin/bin/../../lib/gcc/pic32c/8.3.1/../../../../pic32c/lib/thumb/v6-m/nofp\libc-musl.a(__libc_start_main.o)
 .debug_aranges
                0x00000528       0x18 c:/program files/microchip/xc32/v4.21/bin/bin/../../lib/gcc/pic32c/8.3.1/../../../../pic32c/lib/thumb/v6-m/nofp\libc-musl.a(libc.o)
 .debug_aranges
                0x00000540       0x18 c:/program files/microchip/xc32/v4.21/bin/bin/../../lib/gcc/pic32c/8.3.1/../../../../pic32c/lib/thumb/v6-m/nofp\libc-musl.a(__environ.o)
 .debug_aranges
                0x00000558       0x20 c:/program files/microchip/xc32/v4.21/bin/bin/../../lib/gcc/pic32c/8.3.1/thumb/v6-m/nofp\libgcc.a(_thumb1_case_uhi.o)

.debug_ranges   0x00000000      0x530
 .debug_ranges  0x00000000       0x10 build/default/production/_ext/1434821282/bsp.o
 .debug_ranges  0x00000010       0x10 build/default/production/_ext/1984496892/plib_clock.o
 .debug_ranges  0x00000020       0x10 build/default/production/_ext/1986646378/plib_evsys.o
 .debug_ranges  0x00000030       0x28 build/default/production/_ext/1865468468/plib_nvic.o
 .debug_ranges  0x00000058       0x90 build/default/production/_ext/1593096446/plib_nvmctrl.o
 .debug_ranges  0x000000e8       0x48 build/default/production/_ext/829342769/plib_pm.o
 .debug_ranges  0x00000130       0x60 build/default/production/_ext/1865521619/plib_port.o
 .debug_ranges  0x00000190       0x78 build/default/production/_ext/60180175/plib_rtc_timer.o
 .debug_ranges  0x00000208      0x1d0 build/default/production/_ext/504274921/plib_sercom3_usart.o
 .debug_ranges  0x000003d8       0x88 build/default/production/_ext/162237794/touch.o
 .debug_ranges  0x00000460       0x18 build/default/production/_ext/1171490990/exceptions.o
 .debug_ranges  0x00000478       0x18 build/default/production/_ext/1171490990/startup_xc32.o
 .debug_ranges  0x00000490       0x10 build/default/production/_ext/1171490990/initialization.o
 .debug_ranges  0x000004a0       0x10 build/default/production/_ext/1171490990/interrupts.o
 .debug_ranges  0x000004b0       0x10 build/default/production/_ext/1360937237/main.o
 .debug_ranges  0x000004c0       0x20 build/default/production/_ext/1662611032/datastreamer_UART_sam.o
 .debug_ranges  0x000004e0       0x10 c:/program files/microchip/xc32/v4.21/bin/bin/../../lib/gcc/pic32c/8.3.1/../../../../pic32c/lib/thumb/v6-m/nofp\libpic32c.a(data_init_wrapper.o)
 .debug_ranges  0x000004f0       0x10 c:/program files/microchip/xc32/v4.21/bin/bin/../../lib/gcc/pic32c/8.3.1/../../../../pic32c/lib/thumb/v6-m/nofp\libpic32c.a(data_init_0_1.o)
 .debug_ranges  0x00000500       0x30 c:/program files/microchip/xc32/v4.21/bin/bin/../../lib/gcc/pic32c/8.3.1/../../../../pic32c/lib/thumb/v6-m/nofp\libc-musl.a(__libc_start_main.o)

.debug_line     0x00000000     0x3394
 .debug_line    0x00000000       0xd8 build/default/production/_ext/1434821282/bsp.o
 .debug_line    0x000000d8      0x256 build/default/production/_ext/1984496892/plib_clock.o
 .debug_line    0x0000032e       0x66 build/default/production/_ext/1986646378/plib_evsys.o
 .debug_line    0x00000394      0x326 build/default/production/_ext/1865468468/plib_nvic.o
 .debug_line    0x000006ba      0x44e build/default/production/_ext/1593096446/plib_nvmctrl.o
 .debug_line    0x00000b08      0x291 build/default/production/_ext/829342769/plib_pm.o
 .debug_line    0x00000d99      0x2ea build/default/production/_ext/1865521619/plib_port.o
 .debug_line    0x00001083      0x392 build/default/production/_ext/60180175/plib_rtc_timer.o
 .debug_line    0x00001415      0xbf5 build/default/production/_ext/504274921/plib_sercom3_usart.o
 .debug_line    0x0000200a      0x48b build/default/production/_ext/162237794/touch.o
 .debug_line    0x00002495       0x6e build/default/production/_ext/1171490990/exceptions.o
 .debug_line    0x00002503      0x157 build/default/production/_ext/1171490990/startup_xc32.o
 .debug_line    0x0000265a      0x309 build/default/production/_ext/1171490990/initialization.o
 .debug_line    0x00002963       0xba build/default/production/_ext/1171490990/interrupts.o
 .debug_line    0x00002a1d      0x156 build/default/production/_ext/1360937237/main.o
 .debug_line    0x00002b73      0x231 build/default/production/_ext/1662611032/datastreamer_UART_sam.o
 .debug_line    0x00002da4       0xac c:/program files/microchip/xc32/v4.21/bin/bin/../../lib/gcc/pic32c/8.3.1/../../../../pic32c/lib/thumb/v6-m/nofp\libpic32c.a(data_init_wrapper.o)
 .debug_line    0x00002e50      0x114 c:/program files/microchip/xc32/v4.21/bin/bin/../../lib/gcc/pic32c/8.3.1/../../../../pic32c/lib/thumb/v6-m/nofp\libpic32c.a(data_init_0_1.o)
 .debug_line    0x00002f64      0x1ca c:/program files/microchip/xc32/v4.21/bin/bin/../../lib/gcc/pic32c/8.3.1/../../../../pic32c/lib/thumb/v6-m/nofp\libc-musl.a(__libc_start_main.o)
 .debug_line    0x0000312e       0xbc c:/program files/microchip/xc32/v4.21/bin/bin/../../lib/gcc/pic32c/8.3.1/../../../../pic32c/lib/thumb/v6-m/nofp\libc-musl.a(libc.o)
 .debug_line    0x000031ea      0x109 c:/program files/microchip/xc32/v4.21/bin/bin/../../lib/gcc/pic32c/8.3.1/../../../../pic32c/lib/thumb/v6-m/nofp\libc-musl.a(__environ.o)
 .debug_line    0x000032f3       0xa1 c:/program files/microchip/xc32/v4.21/bin/bin/../../lib/gcc/pic32c/8.3.1/thumb/v6-m/nofp\libgcc.a(_thumb1_case_uhi.o)

.debug_str      0x00000000      0x798
 .debug_str     0x00000000        0x0 build/default/production/_ext/1434821282/bsp.o
 .debug_str     0x00000000       0x1e build/default/production/_ext/1984496892/plib_clock.o
 .debug_str     0x0000001e        0x0 build/default/production/_ext/1986646378/plib_evsys.o
 .debug_str     0x0000001e        0xa build/default/production/_ext/1865468468/plib_nvic.o
 .debug_str     0x00000028       0x16 build/default/production/_ext/1593096446/plib_nvmctrl.o
 .debug_str     0x0000003e        0x0 build/default/production/_ext/829342769/plib_pm.o
 .debug_str     0x0000003e        0xb build/default/production/_ext/1865521619/plib_port.o
 .debug_str     0x00000049       0xbb build/default/production/_ext/60180175/plib_rtc_timer.o
 .debug_str     0x00000104      0x19d build/default/production/_ext/504274921/plib_sercom3_usart.o
 .debug_str     0x000002a1      0x2a4 build/default/production/_ext/162237794/touch.o
 .debug_str     0x00000545        0x0 build/default/production/_ext/1171490990/exceptions.o
 .debug_str     0x00000545       0x2f build/default/production/_ext/1171490990/startup_xc32.o
 .debug_str     0x00000574       0xa5 build/default/production/_ext/1171490990/initialization.o
 .debug_str     0x00000619        0x0 build/default/production/_ext/1171490990/interrupts.o
 .debug_str     0x00000619       0x2e build/default/production/_ext/1360937237/main.o
 .debug_str     0x00000647       0x68 build/default/production/_ext/1662611032/datastreamer_UART_sam.o
 .debug_str     0x000006af        0x0 c:/program files/microchip/xc32/v4.21/bin/bin/../../lib/gcc/pic32c/8.3.1/../../../../pic32c/lib/thumb/v6-m/nofp\libpic32c.a(data_init_wrapper.o)
 .debug_str     0x000006af        0x0 c:/program files/microchip/xc32/v4.21/bin/bin/../../lib/gcc/pic32c/8.3.1/../../../../pic32c/lib/thumb/v6-m/nofp\libpic32c.a(data_init_0_1.o)
 .debug_str     0x000006af        0x0 c:/program files/microchip/xc32/v4.21/bin/bin/../../lib/gcc/pic32c/8.3.1/../../../../pic32c/lib/thumb/v6-m/nofp\libc-musl.a(__libc_start_main.o)
 .debug_str     0x000006af        0x0 c:/program files/microchip/xc32/v4.21/bin/bin/../../lib/gcc/pic32c/8.3.1/../../../../pic32c/lib/thumb/v6-m/nofp\libc-musl.a(libc.o)
 .debug_str     0x000006af        0x0 c:/program files/microchip/xc32/v4.21/bin/bin/../../lib/gcc/pic32c/8.3.1/../../../../pic32c/lib/thumb/v6-m/nofp\libc-musl.a(__environ.o)
 .debug_str     0x000006af       0xe9 c:/program files/microchip/xc32/v4.21/bin/bin/../../lib/gcc/pic32c/8.3.1/thumb/v6-m/nofp\libgcc.a(_thumb1_case_uhi.o)

.debug_frame    0x00000000      0x940
 .debug_frame   0x00000000       0x20 build/default/production/_ext/1434821282/bsp.o
 .debug_frame   0x00000020       0x20 build/default/production/_ext/1984496892/plib_clock.o
 .debug_frame   0x00000040       0x20 build/default/production/_ext/1986646378/plib_evsys.o
 .debug_frame   0x00000060       0x50 build/default/production/_ext/1865468468/plib_nvic.o
 .debug_frame   0x000000b0      0x148 build/default/production/_ext/1593096446/plib_nvmctrl.o
 .debug_frame   0x000001f8       0x90 build/default/production/_ext/829342769/plib_pm.o
 .debug_frame   0x00000288       0xd4 build/default/production/_ext/1865521619/plib_port.o
 .debug_frame   0x0000035c       0xf8 build/default/production/_ext/60180175/plib_rtc_timer.o
 .debug_frame   0x00000454      0x1e0 build/default/production/_ext/504274921/plib_sercom3_usart.o
 .debug_frame   0x00000634      0x148 build/default/production/_ext/162237794/touch.o
 .debug_frame   0x0000077c       0x30 build/default/production/_ext/1171490990/exceptions.o
 .debug_frame   0x000007ac       0x38 build/default/production/_ext/1171490990/startup_xc32.o
 .debug_frame   0x000007e4       0x28 build/default/production/_ext/1171490990/initialization.o
 .debug_frame   0x0000080c       0x20 build/default/production/_ext/1171490990/interrupts.o
 .debug_frame   0x0000082c       0x2c build/default/production/_ext/1360937237/main.o
 .debug_frame   0x00000858       0x58 build/default/production/_ext/1662611032/datastreamer_UART_sam.o
 .debug_frame   0x000008b0       0x28 c:/program files/microchip/xc32/v4.21/bin/bin/../../lib/gcc/pic32c/8.3.1/../../../../pic32c/lib/thumb/v6-m/nofp\libpic32c.a(data_init_wrapper.o)
 .debug_frame   0x000008d8       0x30 c:/program files/microchip/xc32/v4.21/bin/bin/../../lib/gcc/pic32c/8.3.1/../../../../pic32c/lib/thumb/v6-m/nofp\libpic32c.a(data_init_0_1.o)
 .debug_frame   0x00000908       0x38 c:/program files/microchip/xc32/v4.21/bin/bin/../../lib/gcc/pic32c/8.3.1/../../../../pic32c/lib/thumb/v6-m/nofp\libc-musl.a(__libc_start_main.o)

.debug_loc      0x00000000     0x1d73
 .debug_loc     0x00000000       0x55 build/default/production/_ext/1984496892/plib_clock.o
 .debug_loc     0x00000055       0xf4 build/default/production/_ext/1865468468/plib_nvic.o
 .debug_loc     0x00000149      0x689 build/default/production/_ext/1593096446/plib_nvmctrl.o
 .debug_loc     0x000007d2       0x63 build/default/production/_ext/829342769/plib_pm.o
 .debug_loc     0x00000835      0x246 build/default/production/_ext/1865521619/plib_port.o
 .debug_loc     0x00000a7b       0x6a build/default/production/_ext/60180175/plib_rtc_timer.o
 .debug_loc     0x00000ae5      0xd28 build/default/production/_ext/504274921/plib_sercom3_usart.o
 .debug_loc     0x0000180d      0x30e build/default/production/_ext/162237794/touch.o
 .debug_loc     0x00001b1b       0x20 build/default/production/_ext/1171490990/startup_xc32.o
 .debug_loc     0x00001b3b       0x45 build/default/production/_ext/1171490990/initialization.o
 .debug_loc     0x00001b80       0x20 build/default/production/_ext/1360937237/main.o
 .debug_loc     0x00001ba0      0x14d build/default/production/_ext/1662611032/datastreamer_UART_sam.o
 .debug_loc     0x00001ced       0x14 c:/program files/microchip/xc32/v4.21/bin/bin/../../lib/gcc/pic32c/8.3.1/../../../../pic32c/lib/thumb/v6-m/nofp\libpic32c.a(data_init_wrapper.o)
 .debug_loc     0x00001d01       0x14 c:/program files/microchip/xc32/v4.21/bin/bin/../../lib/gcc/pic32c/8.3.1/../../../../pic32c/lib/thumb/v6-m/nofp\libpic32c.a(data_init_0_1.o)
 .debug_loc     0x00001d15       0x5e c:/program files/microchip/xc32/v4.21/bin/bin/../../lib/gcc/pic32c/8.3.1/../../../../pic32c/lib/thumb/v6-m/nofp\libc-musl.a(__libc_start_main.o)

.note.GNU-stack
                0x00000000        0x0
 .note.GNU-stack
                0x00000000        0x0 c:/program files/microchip/xc32/v4.21/bin/bin/../../lib/gcc/pic32c/8.3.1/../../../../pic32c/lib/thumb/v6-m/nofp\libc-musl.a(__libc_start_main.o)
 .note.GNU-stack
                0x00000000        0x0 c:/program files/microchip/xc32/v4.21/bin/bin/../../lib/gcc/pic32c/8.3.1/../../../../pic32c/lib/thumb/v6-m/nofp\libc-musl.a(libc.o)
 .note.GNU-stack
                0x00000000        0x0 c:/program files/microchip/xc32/v4.21/bin/bin/../../lib/gcc/pic32c/8.3.1/../../../../pic32c/lib/thumb/v6-m/nofp\libc-musl.a(__environ.o)

.stack          0x200004a0      0x100
 .stack         0x200004a0      0x100 stack

.bss.SERCOM3_USART_ReadBuffer%1
                0x2000000c       0x80
 .bss.SERCOM3_USART_ReadBuffer
                0x2000000c       0x80 build/default/production/_ext/504274921/plib_sercom3_usart.o

.bss.SERCOM3_USART_WriteBuffer%2
                0x2000008c       0x80
 .bss.SERCOM3_USART_WriteBuffer
                0x2000008c       0x80 build/default/production/_ext/504274921/plib_sercom3_usart.o

.bss%3          0x2000010c       0x50
 .bss           0x2000010c       0x50 c:/program files/microchip/xc32/v4.21/bin/bin/../../lib/gcc/pic32c/8.3.1/../../../../pic32c/lib/thumb/v6-m/nofp\libc-musl.a(libc.o)
                0x2000010c                __progname_full
                0x2000010c                program_invocation_name
                0x20000110                program_invocation_short_name
                0x20000110                __progname
                0x20000114                __sysinfo
                0x20000118                __hwcap
                0x2000011c                __libc

.bss.sercom3USARTObj%4
                0x2000015c       0x40
 .bss.sercom3USARTObj
                0x2000015c       0x40 build/default/production/_ext/504274921/plib_sercom3_usart.o

.bss%5          0x2000019c       0x34
 .bss           0x2000019c       0x1c c:/program files/microchip/xc32/v4.21/bin/bin/../../lib/gcc/pic32c/8.3.1/thumb/v6-m/nofp/crtbegin.o
 .bss           0x200001b8       0x18 ..\src\config\default\touch\lib\qtm_saml21_acq_0x0026.X.a(sam_acq_x_saml21.o)
                0x200001b8                current_measure_channel
                0x200001cc                qtm_drivenshield_complete

.bss.rtcObj%7   0x200001d0        0xc
 .bss.rtcObj    0x200001d0        0xc build/default/production/_ext/60180175/plib_rtc_timer.o

.bss.qtlib_key_data_set1%8
                0x200001dc        0xc
 .bss.qtlib_key_data_set1
                0x200001dc        0xc build/default/production/_ext/162237794/touch.o
                0x200001dc                qtlib_key_data_set1

.bss.qtlib_key_grp_data_set1%9
                0x200001e8        0x8
 .bss.qtlib_key_grp_data_set1
                0x200001e8        0x8 build/default/production/_ext/162237794/touch.o
                0x200001e8                qtlib_key_grp_data_set1

.bss.noise_filter_buffer%10
                0x200001f0        0x6
 .bss.noise_filter_buffer
                0x200001f0        0x6 build/default/production/_ext/162237794/touch.o
                0x200001f0                noise_filter_buffer

.bss.ptc_qtlib_node_stat1%11
                0x200001f8        0x6
 .bss.ptc_qtlib_node_stat1
                0x200001f8        0x6 build/default/production/_ext/162237794/touch.o
                0x200001f8                ptc_qtlib_node_stat1

.bss.rtc_context%12
                0x20000200        0x4
 .bss.rtc_context
                0x20000200        0x4 build/default/production/_ext/162237794/touch.o
                0x20000200                rtc_context

.bss%13         0x20000204        0x8
 .bss           0x20000204        0x4 c:/program files/microchip/xc32/v4.21/bin/bin/../../lib/gcc/pic32c/8.3.1/../../../../pic32c/lib/thumb/v6-m/nofp\libpic32c.a(data_init_0_1.o)
 .bss           0x20000208        0x4 c:/program files/microchip/xc32/v4.21/bin/bin/../../lib/gcc/pic32c/8.3.1/../../../../pic32c/lib/thumb/v6-m/nofp\libc-musl.a(__environ.o)
                0x20000208                __environ
                0x20000208                environ
                0x20000208                ___environ
                0x20000208                _environ

.bss.touch_acq_signals_raw%15
                0x2000020c        0x2
 .bss.touch_acq_signals_raw
                0x2000020c        0x2 build/default/production/_ext/162237794/touch.o
                0x2000020c                touch_acq_signals_raw

.bss%16         0x200001f6        0x2
 .bss           0x200001f6        0x2 ..\src\config\default\touch\lib\qtm_touch_key_cm0p_0x0002.X.a(sam_touch_key_x_cm0p.o)
                0x200001f6                qtm_local_ms_timecount

.bss.measurement_done_touch%17
                0x200001fe        0x1
 .bss.measurement_done_touch
                0x200001fe        0x1 build/default/production/_ext/162237794/touch.o
                0x200001fe                measurement_done_touch

.bss.module_error_code%18
                0x200001ff        0x1
 .bss.module_error_code
                0x200001ff        0x1 build/default/production/_ext/162237794/touch.o
                0x200001ff                module_error_code

.bss.time_to_measure_touch_var%19
                0x2000020e        0x1
 .bss.time_to_measure_touch_var
                0x2000020e        0x1 build/default/production/_ext/162237794/touch.o
                0x2000020e                time_to_measure_touch_var

.bss.touch_postprocess_request%20
                0x2000020f        0x1
 .bss.touch_postprocess_request
                0x2000020f        0x1 build/default/production/_ext/162237794/touch.o
                0x2000020f                touch_postprocess_request

.bss.key_status%21
                0x20000210        0x1
 .bss.key_status
                0x20000210        0x1 build/default/production/_ext/1360937237/main.o
                0x20000210                key_status

.bss.sequence.6658%22
                0x20000211        0x1
 .bss.sequence.6658
                0x20000211        0x1 build/default/production/_ext/1662611032/datastreamer_UART_sam.o

.data.data%23   0x20000214       0x13
 .data.data     0x20000214       0x13 build/default/production/_ext/1662611032/datastreamer_UART_sam.o
                0x20000214                data

.data.qtlib_key_set1%24
                0x20000228       0x10
 .data.qtlib_key_set1
                0x20000228       0x10 build/default/production/_ext/162237794/touch.o
                0x20000228                qtlib_key_set1

.data.qtlib_acq_set1%25
                0x20000238        0xc
 .data.qtlib_acq_set1
                0x20000238        0xc build/default/production/_ext/162237794/touch.o
                0x20000238                qtlib_acq_set1

.data.qtm_freq_hop_config1%26
                0x20000244        0xc
 .data.qtm_freq_hop_config1
                0x20000244        0xc build/default/production/_ext/162237794/touch.o
                0x20000244                qtm_freq_hop_config1

.data.qtm_freq_hop_data1%27
                0x20000250        0xc
 .data.qtm_freq_hop_data1
                0x20000250        0xc build/default/production/_ext/162237794/touch.o
                0x20000250                qtm_freq_hop_data1

.data.qtlib_key_grp_config_set1%28
                0x2000025c        0xa
 .data.qtlib_key_grp_config_set1
                0x2000025c        0xa build/default/production/_ext/162237794/touch.o
                0x2000025c                qtlib_key_grp_config_set1

.data.ptc_seq_node_cfg1%29
                0x20000268        0x8
 .data.ptc_seq_node_cfg1
                0x20000268        0x8 build/default/production/_ext/162237794/touch.o
                0x20000268                ptc_seq_node_cfg1

.data.qtm_freq_hop_control1%30
                0x20000270        0x8
 .data.qtm_freq_hop_control1
                0x20000270        0x8 build/default/production/_ext/162237794/touch.o
                0x20000270                qtm_freq_hop_control1

.data.ptc_qtlib_acq_gen1%31
                0x20000278        0x6
 .data.ptc_qtlib_acq_gen1
                0x20000278        0x6 build/default/production/_ext/162237794/touch.o
                0x20000278                ptc_qtlib_acq_gen1

.data.qtlib_key_configs_set1%32
                0x20000280        0x3
 .data.qtlib_key_configs_set1
                0x20000280        0x3 build/default/production/_ext/162237794/touch.o
                0x20000280                qtlib_key_configs_set1

.data.freq_hop_delay_selection%33
                0x20000284        0x3
 .data.freq_hop_delay_selection
                0x20000284        0x3 build/default/production/_ext/162237794/touch.o
                0x20000284                freq_hop_delay_selection

.data%34        0x20000227        0x1
 .data          0x20000227        0x1 ..\src\config\default\touch\lib\qtm_saml21_acq_0x0026.X.a(sam_acq_x_saml21.o)
                0x20000227                qtm_which_mode_current

.eh_frame%z1    0x00000000        0x0
 .eh_frame      0x00000000        0x0 c:/program files/microchip/xc32/v4.21/bin/bin/../../lib/gcc/pic32c/8.3.1/thumb/v6-m/nofp/crtbegin.o

.config_00804000.__config_00804000%35
                0x00804000        0x4
 .config_00804000.__config_00804000
                0x00804000        0x4 build/default/production/_ext/1171490990/initialization.o
                0x00804000                __config_00804000

.config_00804004.__config_00804004%36
                0x00804004        0x4
 .config_00804004.__config_00804004
                0x00804004        0x4 build/default/production/_ext/1171490990/initialization.o
                0x00804004                __config_00804004

.text.qtm_key_sensors_process%37
                0x000000d0      0x48c
 .text.qtm_key_sensors_process
                0x000000d0      0x48c ..\src\config\default\touch\lib\qtm_touch_key_cm0p_0x0002.X.a(sam_touch_key_x_cm0p.o)
                0x000000d0                qtm_key_sensors_process

.text.qtm_acquisition_process%38
                0x0000055c      0x2d8
 .text.qtm_acquisition_process
                0x0000055c      0x2d8 ..\src\config\default\touch\lib\qtm_saml21_acq_0x0026.X.a(sam_acq_x_saml21.o)
                0x0000055c                qtm_acquisition_process

.dinit%39       0x00000834      0x230
 .dinit         0x00000834      0x230 data_init

.text.SERCOM3_USART_InterruptHandler%40
                0x00000a64      0x21c
 .text.SERCOM3_USART_InterruptHandler
                0x00000a64      0x21c build/default/production/_ext/504274921/plib_sercom3_usart.o
                0x00000a64                SERCOM3_USART_InterruptHandler

.text.qtm_measure_node%41
                0x00000c80      0x1a4
 .text.qtm_measure_node
                0x00000c80      0x1a4 ..\src\config\default\touch\lib\qtm_saml21_acq_0x0026.X.a(sam_acq_x_saml21.o)

.text.qtm_ptc_init_acquisition_module%42
                0x00000e24      0x120
 .text.qtm_ptc_init_acquisition_module
                0x00000e24      0x120 ..\src\config\default\touch\lib\qtm_saml21_acq_0x0026.X.a(sam_acq_x_saml21.o)
                0x00000e24                qtm_ptc_init_acquisition_module

.text.datastreamer_output%43
                0x00000f44      0x114
 .text.datastreamer_output
                0x00000f44      0x114 build/default/production/_ext/1662611032/datastreamer_UART_sam.o
                0x00000f44                datastreamer_output

.text.SERCOM3_USART_Write%44
                0x00001058      0x110
 .text.SERCOM3_USART_Write
                0x00001058      0x110 build/default/production/_ext/504274921/plib_sercom3_usart.o
                0x00001058                SERCOM3_USART_Write

.text.qtm_freq_hop%45
                0x00001168      0x108
 .text.qtm_freq_hop
                0x00001168      0x108 ..\src\config\default\touch\lib\qtm_freq_hop_cm0p_0x0006.X.a(sam_freq_hop_x_cm0p.o)
                0x00001168                qtm_freq_hop

.text.qtm_ptc_start_measurement_seq%46
                0x00001270       0xd0
 .text.qtm_ptc_start_measurement_seq
                0x00001270       0xd0 ..\src\config\default\touch\lib\qtm_saml21_acq_0x0026.X.a(sam_acq_x_saml21.o)
                0x00001270                qtm_ptc_start_measurement_seq

.text.CLOCK_Initialize%47
                0x00001340       0xc0
 .text.CLOCK_Initialize
                0x00001340       0xc0 build/default/production/_ext/1984496892/plib_clock.o
                0x00001340                CLOCK_Initialize

.text.touch_process%48
                0x00001400       0xac
 .text.touch_process
                0x00001400       0xac build/default/production/_ext/162237794/touch.o
                0x00001400                touch_process

.text.qtm_saml21_ptc_handler_eoc%49
                0x000014ac       0x9c
 .text.qtm_saml21_ptc_handler_eoc
                0x000014ac       0x9c ..\src\config\default\touch\lib\qtm_saml21_acq_0x0026.X.a(sam_acq_x_saml21.o)
                0x000014ac                qtm_saml21_ptc_handler_eoc

.text.SERCOM3_USART_Initialize%50
                0x00001548       0x88
 .text.SERCOM3_USART_Initialize
                0x00001548       0x88 build/default/production/_ext/504274921/plib_sercom3_usart.o
                0x00001548                SERCOM3_USART_Initialize

.text.charge_share_test%51
                0x000015d0       0x88
 .text.charge_share_test
                0x000015d0       0x88 ..\src\config\default\touch\lib\qtm_saml21_acq_0x0026.X.a(sam_acq_x_saml21.o)

.text.check_for_aks_block%52
                0x00001658       0x7a
 .text.check_for_aks_block
                0x00001658       0x7a ..\src\config\default\touch\lib\qtm_touch_key_cm0p_0x0002.X.a(sam_touch_key_x_cm0p.o)

.text.__pic32c_data_initialization_impl%53
                0x000016d4       0x70
 .text.__pic32c_data_initialization_impl
                0x000016d4       0x70 c:/program files/microchip/xc32/v4.21/bin/bin/../../lib/gcc/pic32c/8.3.1/../../../../pic32c/lib/thumb/v6-m/nofp\libpic32c.a(data_init_0_1.o)
                0x000016d4                __copy_needed
                0x000016d4                __pic32c_data_initialization_impl

.text.qtm_load_group_config.isra.1%54
                0x00001744       0x6c
 .text.qtm_load_group_config.isra.1
                0x00001744       0x6c ..\src\config\default\touch\lib\qtm_saml21_acq_0x0026.X.a(sam_acq_x_saml21.o)

.text.__libc_start_init%55
                0x000017b0       0x5c
 .text.__libc_start_init
                0x000017b0       0x5c c:/program files/microchip/xc32/v4.21/bin/bin/../../lib/gcc/pic32c/8.3.1/../../../../pic32c/lib/thumb/v6-m/nofp\libc-musl.a(__libc_start_main.o)
                0x000017b0                __libc_init_array

.text.NVIC_Initialize%56
                0x0000180c       0x58
 .text.NVIC_Initialize
                0x0000180c       0x58 build/default/production/_ext/1865468468/plib_nvic.o
                0x0000180c                NVIC_Initialize

.text.PORT_Initialize%57
                0x00001864       0x54
 .text.PORT_Initialize
                0x00001864       0x54 build/default/production/_ext/1865521619/plib_port.o
                0x00001864                PORT_Initialize

.text.main%58   0x000018b8       0x54
 .text.main     0x000018b8       0x54 build/default/production/_ext/1360937237/main.o
                0x000018b8                main

.text.qtm_calibrate_sensor_node%59
                0x0000190c       0x50
 .text.qtm_calibrate_sensor_node
                0x0000190c       0x50 ..\src\config\default\touch\lib\qtm_saml21_acq_0x0026.X.a(sam_acq_x_saml21.o)
                0x0000190c                qtm_calibrate_sensor_node

.text%60        0x0000195c       0x48
 .text          0x0000195c       0x48 c:/program files/microchip/xc32/v4.21/bin/bin/../../lib/gcc/pic32c/8.3.1/thumb/v6-m/nofp/crtbegin.o

.text.Reset_Handler%61
                0x000019a4       0x48
 .text.Reset_Handler
                0x000019a4       0x48 build/default/production/_ext/1171490990/startup_xc32.o
                0x000019a4                Reset_Handler

.text.touch_init%62
                0x000019ec       0x44
 .text.touch_init
                0x000019ec       0x44 build/default/production/_ext/162237794/touch.o
                0x000019ec                touch_init

.text.select_next_channel_to_measure%63
                0x00001a30       0x40
 .text.select_next_channel_to_measure
                0x00001a30       0x40 ..\src\config\default\touch\lib\qtm_saml21_acq_0x0026.X.a(sam_acq_x_saml21.o)

.text.touch_timer_config%64
                0x00001a70       0x38
 .text.touch_timer_config
                0x00001a70       0x38 build/default/production/_ext/162237794/touch.o
                0x00001a70                touch_timer_config

.text.SYS_Initialize%65
                0x00001aa8       0x38
 .text.SYS_Initialize
                0x00001aa8       0x38 build/default/production/_ext/1171490990/initialization.o
                0x00001aa8                SYS_Initialize

.text.RTC_Initialize%66
                0x00001ae0       0x34
 .text.RTC_Initialize
                0x00001ae0       0x34 build/default/production/_ext/60180175/plib_rtc_timer.o
                0x00001ae0                RTC_Initialize

.rodata%67      0x00001b14       0x30
 .rodata        0x00001b14       0x30 ..\src\config\default\touch\lib\qtm_saml21_acq_0x0026.X.a(sam_acq_x_saml21.o)

.text.PM_Initialize%68
                0x00001b44       0x2e
 .text.PM_Initialize
                0x00001b44       0x2e build/default/production/_ext/829342769/plib_pm.o
                0x00001b44                PM_Initialize

.text.RTC_InterruptHandler%69
                0x00001b74       0x2c
 .text.RTC_InterruptHandler
                0x00001b74       0x2c build/default/production/_ext/60180175/plib_rtc_timer.o
                0x00001b74                RTC_InterruptHandler

.text.qtm_ptc_clear_interrupt%70
                0x00001ba0       0x24
 .text.qtm_ptc_clear_interrupt
                0x00001ba0       0x24 ..\src\config\default\touch\lib\qtm_saml21_acq_0x0026.X.a(sam_acq_x_saml21.o)
                0x00001ba0                qtm_ptc_clear_interrupt

.text.qtm_enable_sensor_node%71
                0x00001bc4       0x20
 .text.qtm_enable_sensor_node
                0x00001bc4       0x20 ..\src\config\default\touch\lib\qtm_saml21_acq_0x0026.X.a(sam_acq_x_saml21.o)
                0x00001bc4                qtm_enable_sensor_node

.text.qtm_init_sensor_key%72
                0x00001be4       0x1e
 .text.qtm_init_sensor_key
                0x00001be4       0x1e ..\src\config\default\touch\lib\qtm_touch_key_cm0p_0x0002.X.a(sam_touch_key_x_cm0p.o)
                0x00001be4                qtm_init_sensor_key

.text.RTC_Timer32Start%73
                0x00001c04       0x1c
 .text.RTC_Timer32Start
                0x00001c04       0x1c build/default/production/_ext/60180175/plib_rtc_timer.o
                0x00001c04                RTC_Timer32Start

.text.RTC_Timer32Stop%74
                0x00001c20       0x1c
 .text.RTC_Timer32Stop
                0x00001c20       0x1c build/default/production/_ext/60180175/plib_rtc_timer.o
                0x00001c20                RTC_Timer32Stop

.text.SERCOM3_USART_WritePendingBytesGet%75
                0x00001c3c       0x1c
 .text.SERCOM3_USART_WritePendingBytesGet
                0x00001c3c       0x1c build/default/production/_ext/504274921/plib_sercom3_usart.o

.text.SERCOM3_USART_ReadCountGet%76
                0x00001c58       0x1c
 .text.SERCOM3_USART_ReadCountGet
                0x00001c58       0x1c build/default/production/_ext/504274921/plib_sercom3_usart.o
                0x00001c58                SERCOM3_USART_ReadCountGet

.text.datastreamer_transmit%77
                0x00001c74       0x16
 .text.datastreamer_transmit
                0x00001c74       0x16 build/default/production/_ext/1662611032/datastreamer_UART_sam.o
                0x00001c74                datastreamer_transmit

.text.RTC_Timer32CounterSet%78
                0x00001c8c       0x14
 .text.RTC_Timer32CounterSet
                0x00001c8c       0x14 build/default/production/_ext/60180175/plib_rtc_timer.o
                0x00001c8c                RTC_Timer32CounterSet

.text.RTC_Timer32CompareSet%79
                0x00001ca0       0x14
 .text.RTC_Timer32CompareSet
                0x00001ca0       0x14 build/default/production/_ext/60180175/plib_rtc_timer.o
                0x00001ca0                RTC_Timer32CompareSet

.text.SERCOM3_USART_WriteFreeBufferCountGet%80
                0x00001cb4       0x14
 .text.SERCOM3_USART_WriteFreeBufferCountGet
                0x00001cb4       0x14 build/default/production/_ext/504274921/plib_sercom3_usart.o
                0x00001cb4                SERCOM3_USART_WriteFreeBufferCountGet

.text.touch_timer_handler%81
                0x00001cc8       0x14
 .text.touch_timer_handler
                0x00001cc8       0x14 build/default/production/_ext/162237794/touch.o
                0x00001cc8                touch_timer_handler

.text.get_sensor_node_signal%82
                0x00001cdc       0x14
 .text.get_sensor_node_signal
                0x00001cdc       0x14 build/default/production/_ext/162237794/touch.o
                0x00001cdc                get_sensor_node_signal

.text.get_sensor_node_reference%83
                0x00001cf0       0x14
 .text.get_sensor_node_reference
                0x00001cf0       0x14 build/default/production/_ext/162237794/touch.o
                0x00001cf0                get_sensor_node_reference

.text.get_sensor_cc_val%84
                0x00001d04       0x14
 .text.get_sensor_cc_val
                0x00001d04       0x14 build/default/production/_ext/162237794/touch.o
                0x00001d04                get_sensor_cc_val

.text.get_sensor_state%85
                0x00001d18       0x14
 .text.get_sensor_state
                0x00001d18       0x14 build/default/production/_ext/162237794/touch.o
                0x00001d18                get_sensor_state

.text.qtm_ptc_qtlib_assign_signal_memory%86
                0x00001d2c       0x14
 .text.qtm_ptc_qtlib_assign_signal_memory
                0x00001d2c       0x14 ..\src\config\default\touch\lib\qtm_saml21_acq_0x0026.X.a(sam_acq_x_saml21.o)
                0x00001d2c                qtm_ptc_qtlib_assign_signal_memory

.text%87        0x00001d40       0x14
 .text          0x00001d40       0x14 c:/program files/microchip/xc32/v4.21/bin/bin/../../lib/gcc/pic32c/8.3.1/thumb/v6-m/nofp\libgcc.a(_thumb1_case_uhi.o)
                0x00001d40                __gnu_thumb1_case_uhi

.text.BSP_Initialize%88
                0x00001d54       0x10
 .text.BSP_Initialize
                0x00001d54       0x10 build/default/production/_ext/1434821282/bsp.o
                0x00001d54                BSP_Initialize

.text.sync_config%89
                0x00001d64       0x10
 .text.sync_config
                0x00001d64       0x10 ..\src\config\default\touch\lib\qtm_saml21_acq_0x0026.X.a(sam_acq_x_saml21.o)

.text.qtm_update_qtlib_timer%90
                0x00001d74       0x10
 .text.qtm_update_qtlib_timer
                0x00001d74       0x10 ..\src\config\default\touch\lib\qtm_touch_key_cm0p_0x0002.X.a(sam_touch_key_x_cm0p.o)
                0x00001d74                qtm_update_qtlib_timer

.text.NVMCTRL_Initialize%91
                0x00001d84        0xc
 .text.NVMCTRL_Initialize
                0x00001d84        0xc build/default/production/_ext/1593096446/plib_nvmctrl.o
                0x00001d84                NVMCTRL_Initialize

.text.RTC_Timer32CallbackRegister%92
                0x00001d90        0xc
 .text.RTC_Timer32CallbackRegister
                0x00001d90        0xc build/default/production/_ext/60180175/plib_rtc_timer.o
                0x00001d90                RTC_Timer32CallbackRegister

.text.qtm_measure_complete_callback%93
                0x00001d9c        0xc
 .text.qtm_measure_complete_callback
                0x00001d9c        0xc build/default/production/_ext/162237794/touch.o

.text.PTC_Handler%94
                0x00001da8        0xc
 .text.PTC_Handler
                0x00001da8        0xc build/default/production/_ext/162237794/touch.o
                0x00001da8                PTC_Handler

.text.rtc_cb%95
                0x00001db4        0x8
 .text.rtc_cb   0x00001db4        0x8 build/default/production/_ext/162237794/touch.o
                0x00001db4                rtc_cb

.text.__pic32c_data_initialization%96
                0x00001dbc        0x8
 .text.__pic32c_data_initialization
                0x00001dbc        0x8 c:/program files/microchip/xc32/v4.21/bin/bin/../../lib/gcc/pic32c/8.3.1/../../../../pic32c/lib/thumb/v6-m/nofp\libpic32c.a(data_init_wrapper.o)
                0x00001dbc                __pic32c_data_initialization

.text.EVSYS_Initialize%97
                0x000016d2        0x2
 .text.EVSYS_Initialize
                0x000016d2        0x2 build/default/production/_ext/1986646378/plib_evsys.o
                0x000016d2                EVSYS_Initialize

.text.NonMaskableInt_Handler%98
                0x00001b72        0x2
 .text.NonMaskableInt_Handler
                0x00001b72        0x2 build/default/production/_ext/1171490990/exceptions.o
                0x00001b72                NonMaskableInt_Handler

.text.HardFault_Handler%99
                0x00001c02        0x2
 .text.HardFault_Handler
                0x00001c02        0x2 build/default/production/_ext/1171490990/exceptions.o
                0x00001c02                HardFault_Handler

.text.Dummy_App_Func%100
                0x00001c8a        0x2
 .text.Dummy_App_Func
                0x00001c8a        0x2 build/default/production/_ext/1171490990/startup_xc32.o
                0x00001c8a                _on_reset
                0x00001c8a                _on_bootstrap
                0x00001c8a                __xc32_on_reset
                0x00001c8a                Dummy_App_Func
                0x00001c8a                __xc32_on_bootstrap

.text.Dummy_Handler%101
                0x00001dc4        0x2
 .text.Dummy_Handler
                0x00001dc4        0x2 build/default/production/_ext/1171490990/interrupts.o
                0x00001dc4                SVCall_Handler
                0x00001dc4                DMAC_Handler
                0x00001dc4                TRNG_Handler
                0x00001dc4                TC2_Handler
                0x00001dc4                AC_Handler
                0x00001dc4                SysTick_Handler
                0x00001dc4                PendSV_Handler
                0x00001dc4                SERCOM1_Handler
                0x00001dc4                ADC_Handler
                0x00001dc4                TCC1_Handler
                0x00001dc4                SERCOM2_Handler
                0x00001dc4                TCC0_Handler
                0x00001dc4                EIC_Handler
                0x00001dc4                WDT_Handler
                0x00001dc4                TC4_Handler
                0x00001dc4                TC1_Handler
                0x00001dc4                USB_Handler
                0x00001dc4                TC3_Handler
                0x00001dc4                Dummy_Handler
                0x00001dc4                SERCOM5_Handler
                0x00001dc4                TCC2_Handler
                0x00001dc4                EVSYS_Handler
                0x00001dc4                SERCOM4_Handler
                0x00001dc4                NVMCTRL_Handler
                0x00001dc4                SYSTEM_Handler
                0x00001dc4                SERCOM0_Handler
                0x00001dc4                DAC_Handler
                0x00001dc4                TC0_Handler
                0x00001dc4                AES_Handler

.text.datastreamer_init%102
                0x00001dc6        0x2
 .text.datastreamer_init
                0x00001dc6        0x2 build/default/production/_ext/1662611032/datastreamer_UART_sam.o
                0x00001dc6                datastreamer_init

.text.__dummy%103
                0x00001dc8        0x2
 .text.__dummy  0x00001dc8        0x2 c:/program files/microchip/xc32/v4.21/bin/bin/../../lib/gcc/pic32c/8.3.1/../../../../pic32c/lib/thumb/v6-m/nofp\libc-musl.a(__libc_start_main.o)
                0x00001dc8                __init_stdio
                0x00001dc8                __init_host
